Brina@LAPTOP-52U8CSPH MINGW64 ~
$ man
bash: man: command not found

Brina@LAPTOP-52U8CSPH MINGW64 ~
$ cd C:/Desktop
bash: cd: C:/Desktop: No such file or directory

Brina@LAPTOP-52U8CSPH MINGW64 ~
$ cd Desktop

Brina@LAPTOP-52U8CSPH MINGW64 ~/Desktop
$ whatis git
bash: whatis: command not found

Brina@LAPTOP-52U8CSPH MINGW64 ~/Desktop
$ whatis git init
bash: whatis: command not found

Brina@LAPTOP-52U8CSPH MINGW64 ~/Desktop
$ whatis init
bash: whatis: command not found

Brina@LAPTOP-52U8CSPH MINGW64 ~/Desktop
$ git init
Initialized empty Git repository in C:/Users/Brina/Desktop/.git/

Brina@LAPTOP-52U8CSPH MINGW64 ~/Desktop (master)
$ git init Test
Initialized empty Git repository in C:/Users/Brina/Desktop/Test/.git/

Brina@LAPTOP-52U8CSPH MINGW64 ~/Desktop
$ Test git init
Test: missing argument after ‘init’

Brina@LAPTOP-52U8CSPH MINGW64 ~/Desktop
$ Test.git init
bash: Test.git: command not found

Brina@LAPTOP-52U8CSPH MINGW64 ~/Desktop
$ git init
Initialized empty Git repository in C:/Users/Brina/Desktop/.git/

Brina@LAPTOP-52U8CSPH MINGW64 ~/Desktop (master)
$ git add Test.c
fatal: pathspec 'Test.c' did not match any files

Brina@LAPTOP-52U8CSPH MINGW64 ~/Desktop (master)
$ git add *.c
fatal: pathspec '*.c' did not match any files

Brina@LAPTOP-52U8CSPH MINGW64 ~/Desktop (master)
$ git add License
fatal: pathspec 'License' did not match any files

Brina@LAPTOP-52U8CSPH MINGW64 ~/Desktop (master)
$ git add LICENSE
fatal: pathspec 'LICENSE' did not match any files

Brina@LAPTOP-52U8CSPH MINGW64 ~/Desktop (master)
$ git add LICENSE
fatal: pathspec 'LICENSE' did not match any files

Brina@LAPTOP-52U8CSPH MINGW64 ~/Desktop (master)
$ mkdir Lab6-repo

Brina@LAPTOP-52U8CSPH MINGW64 ~/Desktop
$ cd Lap6-repo
bash: cd: Lap6-repo: No such file or directory

Brina@LAPTOP-52U8CSPH MINGW64 ~/Desktop
$ cd Lab6-repo/

Brina@LAPTOP-52U8CSPH MINGW64 ~/Desktop/Lab6-repo
$ git init
Initialized empty Git repository in C:/Users/Brina/Desktop/Lab6-repo/.git/

Brina@LAPTOP-52U8CSPH MINGW64 ~/Desktop/Lab6-repo (master)
$ touch Repo1

Brina@LAPTOP-52U8CSPH MINGW64 ~/Desktop/Lab6-repo (master)
$ getin Repo1
bash: getin: command not found

Brina@LAPTOP-52U8CSPH MINGW64 ~/Desktop/Lab6-repo (master)
$ gedit Repo1
bash: gedit: command not found

Brina@LAPTOP-52U8CSPH MINGW64 ~/Desktop/Lab6-repo (master)
$ touch Repo1.py

Brina@LAPTOP-52U8CSPH MINGW64 ~/Desktop/Lab6-repo (master)
$ gedit Repo1.py
bash: gedit: command not found

Brina@LAPTOP-52U8CSPH MINGW64 ~/Desktop/Lab6-repo (master)
$ git add Repo1

Brina@LAPTOP-52U8CSPH MINGW64 ~/Desktop/Lab6-repo (master)
$ git commit -m "RepoMeta"
Author identity unknown

*** Please tell me who you are.

Run

  git config --global user.email "you@example.com"
  git config --global user.name "Your Name"

to set your account's default identity.
Omit --global to set the identity only in this repository.

fatal: unable to auto-detect email address (got 'Brina@LAPTOP-52U8CSPH.(none)')

Brina@LAPTOP-52U8CSPH MINGW64 ~/Desktop/Lab6-repo (master)
$ Omit --global
bash: Omit: command not found

Brina@LAPTOP-52U8CSPH MINGW64 ~/Desktop/Lab6-repo (master)
$ git config --global "Brina1496@yahoo.com"
error: invalid key: Brina1496@yahoo.com

Brina@LAPTOP-52U8CSPH MINGW64 ~/Desktop/Lab6-repo (master)
$ git config --global user.email "Brina1496@yahoo.com"

Brina@LAPTOP-52U8CSPH MINGW64 ~/Desktop/Lab6-repo (master)
$ git commit -m "RepoMeta"
[master (root-commit) 8e64b8e] RepoMeta
 1 file changed, 0 insertions(+), 0 deletions(-)
 create mode 100644 Repo1

Brina@LAPTOP-52U8CSPH MINGW64 ~/Desktop/Lab6-repo (master)
$ git log > log.txt

Brina@LAPTOP-52U8CSPH MINGW64 ~/Desktop/Lab6-repo (master)
$ touch HelloWorld.java

Brina@LAPTOP-52U8CSPH MINGW64 ~/Desktop/Lab6-repo (master)
$ git commit -m .
On branch master
Untracked files:
  (use "git add <file>..." to include in what will be committed)
        HelloWorld.java
        Repo1.py
        log.txt

nothing added to commit but untracked files present (use "git add" to track)

Brina@LAPTOP-52U8CSPH MINGW64 ~/Desktop/Lab6-repo (master)
$ git commit -m "HelloWorld.java"
On branch master
Untracked files:
  (use "git add <file>..." to include in what will be committed)
        HelloWorld.java
        Repo1.py
        log.txt

nothing added to commit but untracked files present (use "git add" to track)

Brina@LAPTOP-52U8CSPH MINGW64 ~/Desktop/Lab6-repo (master)
$ git add.
git: 'add.' is not a git command. See 'git --help'.

The most similar command is
        add

Brina@LAPTOP-52U8CSPH MINGW64 ~/Desktop/Lab6-repo (master)
$ git add .
warning: LF will be replaced by CRLF in log.txt.
The file will have its original line endings in your working directory

Brina@LAPTOP-52U8CSPH MINGW64 ~/Desktop/Lab6-repo (master)
$ git commit -m .
[master fec5737] .
 3 files changed, 10 insertions(+)
 create mode 100644 HelloWorld.java
 create mode 100644 Repo1.py
 create mode 100644 log.txt

Brina@LAPTOP-52U8CSPH MINGW64 ~/Desktop/Lab6-repo (master)
$ git rm Repo1.py
rm 'Repo1.py'

Brina@LAPTOP-52U8CSPH MINGW64 ~/Desktop/Lab6-repo (master)
$ git rm Repo1
rm 'Repo1'

Brina@LAPTOP-52U8CSPH MINGW64 ~/Desktop/Lab6-repo (master)
$ git commit -m .
[master 04addaf] .
 2 files changed, 0 insertions(+), 0 deletions(-)
 delete mode 100644 Repo1
 delete mode 100644 Repo1.py

Brina@LAPTOP-52U8CSPH MINGW64 ~/Desktop/Lab6-repo (master)
$ git remote add origin https://github.com/sjackson96/Lab6.git

Brina@LAPTOP-52U8CSPH MINGW64 ~/Desktop/Lab6-repo (master)
$ git branch -M main

Brina@LAPTOP-52U8CSPH MINGW64 ~/Desktop/Lab6-repo (main)
$ git push -u origin main
info: please complete authentication in your browser...
Enumerating objects: 9, done.
Counting objects: 100% (9/9), done.
Delta compression using up to 12 threads
Compressing objects: 100% (7/7), done.
Writing objects: 100% (9/9), 918 bytes | 918.00 KiB/s, done.
Total 9 (delta 1), reused 0 (delta 0), pack-reused 0
remote: Resolving deltas: 100% (1/1), done.
To https://github.com/sjackson96/Lab6.git
 * [new branch]      main -> main
Branch 'main' set up to track remote branch 'main' from 'origin'.

Brina@LAPTOP-52U8CSPH MINGW64 ~/Desktop/Lab6-repo (main)
$
